// Jest Snapshot v1, https://goo.gl/fbAQLP

exports[`remove participant 1`] = `
<div
  className="entry"
>
  <div>
     
  </div>
  <div
    key="a4714460-a11c-4681-a21d-c7de2c57a02c"
  >
    <button
      onClick={[Function]}
    >
      x
    </button>
    <p>
      user1
    </p>
  </div>
  <div
    key="ac33c426-53c4-4d38-ba0f-f8e569a9a507"
  >
    <button
      onClick={[Function]}
    >
      x
    </button>
    <p>
      user2
    </p>
  </div>
  <div
    key="3712fdf0-5b62-41b6-9442-b35a41d5ec81"
  >
    <button
      onClick={[Function]}
    >
      x
    </button>
    <p>
      user3
    </p>
  </div>
  <div
    key="6be42a94-61eb-47d4-8552-0369487f015c"
  >
    <button
      onClick={[Function]}
    >
      x
    </button>
    <p>
      user4
    </p>
  </div>
</div>
`;

exports[`remove participant 2`] = `
<div
  className="entry"
>
  <div>
     
  </div>
  <div
    key="a4714460-a11c-4681-a21d-c7de2c57a02c"
  >
    <button
      onClick={[Function]}
    >
      x
    </button>
    <p>
      user1
    </p>
  </div>
  <div
    key="ac33c426-53c4-4d38-ba0f-f8e569a9a507"
  >
    <button
      onClick={[Function]}
    >
      x
    </button>
    <p>
      user2
    </p>
  </div>
  <div
    key="3712fdf0-5b62-41b6-9442-b35a41d5ec81"
  >
    <button
      onClick={[Function]}
    >
      x
    </button>
    <p>
      user3
    </p>
  </div>
  <div
    key="6be42a94-61eb-47d4-8552-0369487f015c"
  >
    <button
      onClick={[Function]}
    >
      x
    </button>
    <p>
      user4
    </p>
  </div>
</div>
`;
